// Jest Snapshot v1, https://goo.gl/fbAQLP

exports[`ListComponent should match snapshot 1`] = `
<mock-render
  issues={[Function Array]}
  status={[Function String]}
>
  <app-list
    ng-reflect-issues="[object Object],[object Object"
    ng-reflect-status="To do"
  >
    <h3>
      To do
    </h3>
    <div
      cdkdroplist=""
      class="list"
      ng-reflect-data="[object Object],[object Object"
    >
      
      <app-issue
        cdkdrag=""
        ng-reflect-data="[object Object]"
        ng-reflect-issue="[object Object]"
      />
      
      <app-issue
        cdkdrag=""
        ng-reflect-data="[object Object]"
        ng-reflect-issue="[object Object]"
      />
      
      <app-issue
        cdkdrag=""
        ng-reflect-data="[object Object]"
        ng-reflect-issue="[object Object]"
      />
      
    </div>
  </app-list>
</mock-render>
`;
